[finlab.dexignzone.com/xhtml/index.html]
[backblue.gif]
[fade.gif]
[index.html]
[finlab.dexignlab.com/xhtml/social-image.png]
[finlab.dexignzone.com/xhtml/images/favicon.png]
[finlab.dexignzone.com/xhtml/vendor/wow-master/css/libs/animate.css]
[finlab.dexignzone.com/xhtml/vendor/bootstrap-select/dist/css/bootstrap-select.min.css]
[finlab.dexignzone.com/xhtml/vendor/bootstrap-select-country/css/bootstrap-select-country.min.css]
[finlab.dexignzone.com/xhtml/vendor/jquery-nice-select/css/nice-select.css]
[finlab.dexignzone.com/xhtml/vendor/datepicker/css/bootstrap-datepicker.min.css]
[finlab.dexignzone.com/xhtml/vendor/swiper/css/swiper-bundle.min.css]
[finlab.dexignzone.com/xhtml/images/avatar/1.jpg]
[finlab.dexignzone.com/xhtml/css/style.css]
[finlab.dexignzone.com/xhtml/images/avatar/2.jpg]
[finlab.dexignzone.com/xhtml/images/avatar/3.jpg]
[finlab.dexignzone.com/xhtml/images/avatar/4.jpg]
[finlab.dexignzone.com/xhtml/images/avatar/5.jpg]
[finlab.dexignzone.com/xhtml/images/svg/albania.svg]
[finlab.dexignzone.com/xhtml/images/svg/usflag.svg]
[finlab.dexignzone.com/xhtml/images/svg/algeria.svg]
[finlab.dexignzone.com/xhtml/images/svg/rus.svg]
[finlab.dexignzone.com/xhtml/images/user.jpg]
[finlab.dexignzone.com/xhtml/app-profile.html]
[finlab.dexignzone.com/xhtml/chat.html]
[finlab.dexignzone.com/xhtml/email-inbox.html]
[finlab.dexignzone.com/xhtml/page-login.html]
[finlab.dexignzone.com/xhtml/index-2.html]
[finlab.dexignzone.com/xhtml/banking.html]
[finlab.dexignzone.com/xhtml/ticketing.html]
[finlab.dexignzone.com/xhtml/crypto.html]
[finlab.dexignzone.com/xhtml/invoice.html]
[finlab.dexignzone.com/xhtml/contact.html]
[finlab.dexignzone.com/xhtml/kanban.html]
[finlab.dexignzone.com/xhtml/file-manager.html]
[finlab.dexignzone.com/xhtml/user.html]
[finlab.dexignzone.com/xhtml/celandar.html]
[finlab.dexignzone.com/xhtml/to-do-list.html]
[finlab.dexignzone.com/xhtml/activity.html]
[finlab.dexignzone.com/xhtml/edit-profile.html]
[finlab.dexignzone.com/xhtml/post-details.html]
[finlab.dexignzone.com/xhtml/email-compose.html]
[finlab.dexignzone.com/xhtml/email-read.html]
[finlab.dexignzone.com/xhtml/app-calender.html]
[finlab.dexignzone.com/xhtml/ecom-product-grid.html]
[finlab.dexignzone.com/xhtml/ecom-product-list.html]
[finlab.dexignzone.com/xhtml/ecom-product-detail.html]
[finlab.dexignzone.com/xhtml/ecom-product-order.html]
[finlab.dexignzone.com/xhtml/ecom-checkout.html]
[finlab.dexignzone.com/xhtml/ecom-invoice.html]
[finlab.dexignzone.com/xhtml/ecom-customers.html]
[finlab.dexignzone.com/xhtml/chart-flot.html]
[finlab.dexignzone.com/xhtml/chart-morris.html]
[finlab.dexignzone.com/xhtml/chart-chartjs.html]
[finlab.dexignzone.com/xhtml/chart-chartist.html]
[finlab.dexignzone.com/xhtml/chart-sparkline.html]
[finlab.dexignzone.com/xhtml/chart-peity.html]
[finlab.dexignzone.com/xhtml/ui-accordion.html]
[finlab.dexignzone.com/xhtml/ui-alert.html]
[finlab.dexignzone.com/xhtml/ui-badge.html]
[finlab.dexignzone.com/xhtml/ui-button.html]
[finlab.dexignzone.com/xhtml/ui-modal.html]
[finlab.dexignzone.com/xhtml/ui-button-group.html]
[finlab.dexignzone.com/xhtml/ui-list-group.html]
[finlab.dexignzone.com/xhtml/ui-card.html]
[finlab.dexignzone.com/xhtml/ui-carousel.html]
[finlab.dexignzone.com/xhtml/ui-dropdown.html]
[finlab.dexignzone.com/xhtml/ui-popover.html]
[finlab.dexignzone.com/xhtml/ui-progressbar.html]
[finlab.dexignzone.com/xhtml/ui-tab.html]
[finlab.dexignzone.com/xhtml/ui-typography.html]
[finlab.dexignzone.com/xhtml/ui-pagination.html]
[finlab.dexignzone.com/xhtml/ui-grid.html]
[finlab.dexignzone.com/xhtml/uc-select2.html]
[finlab.dexignzone.com/xhtml/uc-nestable.html]
[finlab.dexignzone.com/xhtml/uc-noui-slider.html]
[finlab.dexignzone.com/xhtml/uc-sweetalert.html]
[finlab.dexignzone.com/xhtml/uc-toastr.html]
[finlab.dexignzone.com/xhtml/map-jqvmap.html]
[finlab.dexignzone.com/xhtml/uc-lightgallery.html]
[finlab.dexignzone.com/xhtml/widget-chart.html]
[finlab.dexignzone.com/xhtml/widget-card.html]
[finlab.dexignzone.com/xhtml/widget-list.html]
[finlab.dexignzone.com/xhtml/form-element.html]
[finlab.dexignzone.com/xhtml/form-wizard.html]
[finlab.dexignzone.com/xhtml/form-ckeditor.html]
[finlab.dexignzone.com/xhtml/form-pickers.html]
[finlab.dexignzone.com/xhtml/form-validation.html]
[finlab.dexignzone.com/xhtml/table-bootstrap-basic.html]
[finlab.dexignzone.com/xhtml/table-datatable-basic.html]
[finlab.dexignzone.com/xhtml/page-register.html]
[finlab.dexignzone.com/xhtml/page-error-400.html]
[finlab.dexignzone.com/xhtml/page-error-403.html]
[finlab.dexignzone.com/xhtml/page-error-404.html]
[finlab.dexignzone.com/xhtml/page-error-500.html]
[finlab.dexignzone.com/xhtml/page-error-503.html]
[finlab.dexignzone.com/xhtml/page-lock-screen.html]
[finlab.dexignzone.com/xhtml/empty-page.html]
[finlab.dexignzone.com/xhtml/images/profile/small/pic1.jpg]
[finlab.dexignzone.com/xhtml/images/profile/small/pic2.jpg]
[finlab.dexignzone.com/xhtml/images/profile/small/pic3.jpg]
[finlab.dexignzone.com/xhtml/images/profile/small/pic4.jpg]
[finlab.dexignzone.com/xhtml/images/profile/small/pic5.jpg]
[finlab.dexignzone.com/xhtml/ajax/recentactivity.html]
[finlab.dexignzone.com/xhtml/images/1.jpg]
[finlab.dexignzone.com/xhtml/images/2.jpg]
[finlab.dexignzone.com/xhtml/images/3.jpg]
[finlab.dexignzone.com/xhtml/vendor/global/global.min.js]
[finlab.dexignzone.com/xhtml/vendor/chart.js/Chart.bundle.min.js]
[finlab.dexignzone.com/xhtml/vendor/bootstrap-select/dist/js/bootstrap-select.min.js]
[finlab.dexignzone.com/xhtml/vendor/peity/jquery.peity.min.js]
[finlab.dexignzone.com/xhtml/vendor/jquery-nice-select/js/jquery.nice-select.min.js]
[finlab.dexignzone.com/xhtml/vendor/apexchart/apexchart.js]
[finlab.dexignzone.com/xhtml/vendor/swiper/js/swiper-bundle.min.js]
[finlab.dexignzone.com/xhtml/js/dashboard/dashboard-1.js]
[finlab.dexignzone.com/xhtml/vendor/wow-master/dist/wow.min.js]
[finlab.dexignzone.com/xhtml/vendor/bootstrap-datetimepicker/js/moment.js]
[finlab.dexignzone.com/xhtml/vendor/datepicker/js/bootstrap-datepicker.min.js]
[finlab.dexignzone.com/xhtml/vendor/bootstrap-select-country/js/bootstrap-select-country.min.js]
[finlab.dexignzone.com/xhtml/js/dlabnav-init.js]
[finlab.dexignzone.com/xhtml/js/custom.min.js]
[finlab.dexignzone.com/xhtml/js/demo.js]
[finlab.dexignzone.com/xhtml/js/styleSwitcher.js]
[finlab.dexignzone.com/xhtml/index.html]
[finlab.dexignzone.com/xhtml/vendor/wow-master/css/libs/animate.css]
[finlab.dexignzone.com/xhtml/vendor/bootstrap-select/dist/css/bootstrap-select.min.css]
[finlab.dexignzone.com/xhtml/vendor/bootstrap-select-country/css/images/flags16.png]
[finlab.dexignzone.com/xhtml/vendor/bootstrap-select-country/css/bootstrap-select-country.min.css]
[finlab.dexignzone.com/xhtml/vendor/jquery-nice-select/css/nice-select.css]
[finlab.dexignzone.com/xhtml/vendor/datepicker/css/bootstrap-datepicker.min.css]
[finlab.dexignzone.com/xhtml/vendor/swiper/css/swiper-bundle.min.css]
[finlab.dexignzone.com/xhtml/icons/simple-line-icons/css/simple-line-icons.css]
[finlab.dexignzone.com/xhtml/icons/fontawesome/css/all.min.css]
[finlab.dexignzone.com/xhtml/icons/material-design-iconic-font/css/materialdesignicons.min.css]
[finlab.dexignzone.com/xhtml/icons/themify-icons/css/themify-icons.css]
[finlab.dexignzone.com/xhtml/icons/line-awesome/css/line-awesome.min.css]
[finlab.dexignzone.com/xhtml/icons/avasta/css/style.css]
[finlab.dexignzone.com/xhtml/icons/flaticon/flaticon.css]
[finlab.dexignzone.com/xhtml/icons/flaticon-1/font/flaticon-1.css]
[finlab.dexignzone.com/xhtml/icons/icomoon/icomoon.css]
[finlab.dexignzone.com/xhtml/icons/bootstrap-icons/font/bootstrap-icons.css]
[finlab.dexignzone.com/xhtml/vendor/animate/animate.min.css]
[finlab.dexignzone.com/xhtml/vendor/aos/css/aos.min.css]
[finlab.dexignzone.com/xhtml/vendor/perfect-scrollbar/css/perfect-scrollbar.css]
[finlab.dexignzone.com/xhtml/vendor/metismenu/css/metisMenu.min.css]
[finlab.dexignzone.com/xhtml/images/pattern/pattern5.png]
[finlab.dexignzone.com/xhtml/images/profile/cover.jpg]
[finlab.dexignzone.com/xhtml/images/svg/check.svg]
[finlab.dexignzone.com/xhtml/images/like.png]
[finlab.dexignzone.com/xhtml/images/profile/12.jpg]
[finlab.dexignzone.com/xhtml/css/style.css]
[finlab.dexignzone.com/xhtml/images/svg/albania.svg]
[finlab.dexignzone.com/xhtml/images/svg/algeria.svg]
[finlab.dexignzone.com/xhtml/images/svg/usflag.svg]
[finlab.dexignzone.com/xhtml/images/svg/rus.svg]
[finlab.dexignzone.com/xhtml/vendor/lightgallery/css/lightgallery.min.css]
[finlab.dexignzone.com/xhtml/images/profile/profile.png]
[finlab.dexignzone.com/xhtml/images/profile/1.jpg]
[finlab.dexignzone.com/xhtml/images/profile/2.jpg]
[finlab.dexignzone.com/xhtml/images/profile/3.jpg]
[finlab.dexignzone.com/xhtml/images/profile/4.jpg]
[finlab.dexignzone.com/xhtml/images/profile/5.jpg]
[finlab.dexignzone.com/xhtml/images/profile/6.jpg]
[finlab.dexignzone.com/xhtml/images/profile/7.jpg]
[finlab.dexignzone.com/xhtml/images/profile/8.jpg]
[finlab.dexignzone.com/xhtml/images/profile/9.jpg]
[finlab.dexignzone.com/xhtml/app-profile.html]
[finlab.dexignzone.com/xhtml/vendor/lightgallery/js/lightgallery-all.min.js]
[finlab.dexignzone.com/xhtml/vendor/chartist/css/chartist.min.css]
[finlab.dexignzone.com/xhtml/vendor/bootstrap-datetimepicker/css/bootstrap-datetimepicker.min.css]
[finlab.dexignzone.com/xhtml/images/contacts/pic-333.jpg]
[finlab.dexignzone.com/xhtml/images/contacts/pic444.jpg]
[finlab.dexignzone.com/xhtml/images/contacts/pic555.jpg]
[finlab.dexignzone.com/xhtml/images/contacts/pic666.jpg]
[finlab.dexignzone.com/xhtml/images/coures/2.jpg]
[finlab.dexignzone.com/xhtml/images/coures/3.jpg]
[finlab.dexignzone.com/xhtml/images/coures/4.jpg]
[finlab.dexignzone.com/xhtml/images/coures/5.jpg]
[finlab.dexignzone.com/xhtml/images/coures/6.jpg]
[finlab.dexignzone.com/xhtml/images/coures/7.jpg]
[finlab.dexignzone.com/xhtml/images/coures/1.jpg]
[finlab.dexignzone.com/xhtml/images/coures/8.jpg]
[finlab.dexignzone.com/xhtml/images/coures/9.jpg]
[finlab.dexignzone.com/xhtml/images/coures/9.png]
[finlab.dexignzone.com/xhtml/chat.html]
[finlab.dexignzone.com/xhtml/vendor/datatables/js/jquery.dataTables.min.js]
[finlab.dexignzone.com/xhtml/email-inbox.html]
[finlab.dexignzone.com/xhtml/images/login-bg-1.jpg]
[finlab.dexignzone.com/xhtml/images/logo-full.png]
[finlab.dexignzone.com/xhtml/images/log.png]
[finlab.dexignzone.com/xhtml/page-forgot-password.html]
[finlab.dexignzone.com/xhtml/page-login.html]
[finlab.dexignzone.com/xhtml/index-2.html]
[finlab.dexignzone.com/xhtml/images/trans/2.jpg]
[finlab.dexignzone.com/xhtml/images/trans/1.jpg]
[finlab.dexignzone.com/xhtml/images/trans/3.jpg]
[finlab.dexignzone.com/xhtml/images/trans/4.jpg]
[finlab.dexignzone.com/xhtml/images/contacts/New folder/1.jpg]
[finlab.dexignzone.com/xhtml/vendor/owl-carousel/owl.carousel.js]
[finlab.dexignzone.com/xhtml/js/dashboard/banking.js]
[finlab.dexignzone.com/xhtml/banking.html]
[finlab.dexignzone.com/xhtml/vendor/bootstrap-datetimepicker/js/bootstrap-datetimepicker.min.js]
[finlab.dexignzone.com/xhtml/ajax/event-agenda.html]
[finlab.dexignzone.com/xhtml/ticketing.html]
[finlab.dexignzone.com/xhtml/js/dashboard/crypto.js]
[finlab.dexignzone.com/xhtml/crypto.html]
[finlab.dexignzone.com/xhtml/js/plugins-init/datatables.init.js]
[finlab.dexignzone.com/xhtml/js/invoice.js]
[finlab.dexignzone.com/xhtml/invoice.html]
[finlab.dexignzone.com/xhtml/images/contacts/1.jpg]
[finlab.dexignzone.com/xhtml/images/contacts/2.jpg]
[finlab.dexignzone.com/xhtml/images/contacts/3.jpg]
[finlab.dexignzone.com/xhtml/images/contacts/4.jpg]
[finlab.dexignzone.com/xhtml/images/contacts/5.jpg]
[finlab.dexignzone.com/xhtml/images/contacts/6.jpg]
[finlab.dexignzone.com/xhtml/images/contacts/7.jpg]
[finlab.dexignzone.com/xhtml/images/contacts/8.jpg]
[finlab.dexignzone.com/xhtml/images/contacts/9.jpg]
[finlab.dexignzone.com/xhtml/images/contacts/10.jpg]
[finlab.dexignzone.com/xhtml/images/contacts/11.jpg]
[finlab.dexignzone.com/xhtml/images/contacts/12.jpg]
[finlab.dexignzone.com/xhtml/contact.html]
[finlab.dexignzone.com/xhtml/kanban.html]
[finlab.dexignzone.com/xhtml/images/media-1.png]
[finlab.dexignzone.com/xhtml/images/media-2.png]
[finlab.dexignzone.com/xhtml/images/media-3.png]
[finlab.dexignzone.com/xhtml/vendor/draggable/draggable.js]
[finlab.dexignzone.com/xhtml/images/media-4.png]
[finlab.dexignzone.com/xhtml/file-manager.html]
[finlab.dexignzone.com/xhtml/images/profile/13.jpg]
[finlab.dexignzone.com/xhtml/js/user.js]
[finlab.dexignzone.com/xhtml/user.html]
[finlab.dexignzone.com/xhtml/vendor/fullcalendar-5.11.0/lib/main.css]
[finlab.dexignzone.com/xhtml/images/roll/img1.png]
[finlab.dexignzone.com/xhtml/images/roll/img2.png]
[finlab.dexignzone.com/xhtml/images/roll/img3.png]
[finlab.dexignzone.com/xhtml/images/roll/img4.png]
[finlab.dexignzone.com/xhtml/js/calendar-2.js]
[finlab.dexignzone.com/xhtml/celandar.html]
[finlab.dexignzone.com/xhtml/images/placeholder.png]
[finlab.dexignzone.com/xhtml/images/roll/pic1.png]
[finlab.dexignzone.com/xhtml/images/roll/pic2.png]
[finlab.dexignzone.com/xhtml/images/roll/pic3.png]
[finlab.dexignzone.com/xhtml/images/roll/pic4.png]
[finlab.dexignzone.com/xhtml/to-do-list.html]
[finlab.dexignzone.com/xhtml/images/profile/14.jpg]
[finlab.dexignzone.com/xhtml/vendor/fullcalendar-5.11.0/lib/main.js]
[finlab.dexignzone.com/xhtml/images/profile/15.jpg]
[finlab.dexignzone.com/xhtml/images/profile/16.jpg]
[finlab.dexignzone.com/xhtml/images/profile/17.jpg]
[finlab.dexignzone.com/xhtml/images/profile/18.jpg]
[finlab.dexignzone.com/xhtml/images/profile/19.jpg]
[finlab.dexignzone.com/xhtml/images/profile/21.jpg]
[finlab.dexignzone.com/xhtml/images/profile/22.jpg]
[finlab.dexignzone.com/xhtml/images/profile/23.jpg]
[finlab.dexignzone.com/xhtml/images/profile/24.jpg]
[finlab.dexignzone.com/xhtml/images/profile/25.jpg]
[finlab.dexignzone.com/xhtml/activity.html]
[finlab.dexignzone.com/xhtml/edit-profile.html]
[finlab.dexignzone.com/xhtml/post-details.html]
[finlab.dexignzone.com/xhtml/vendor/dropzone/dist/dropzone.css]
[finlab.dexignzone.com/xhtml/email-compose.html]
[finlab.dexignzone.com/xhtml/email-read.html]
[finlab.dexignzone.com/xhtml/vendor/dropzone/dist/dropzone.js]
[finlab.dexignzone.com/xhtml/vendor/moment/moment.min.js]
[finlab.dexignzone.com/xhtml/js/calendar.js]
[finlab.dexignzone.com/xhtml/app-calender.html]
[finlab.dexignzone.com/xhtml/images/product/1.jpg]
[finlab.dexignzone.com/xhtml/images/product/2.jpg]
[finlab.dexignzone.com/xhtml/images/product/3.jpg]
[finlab.dexignzone.com/xhtml/images/product/4.jpg]
[finlab.dexignzone.com/xhtml/images/product/5.jpg]
[finlab.dexignzone.com/xhtml/images/product/6.jpg]
[finlab.dexignzone.com/xhtml/images/product/7.jpg]
[finlab.dexignzone.com/xhtml/ecom-product-grid.html]
[finlab.dexignzone.com/xhtml/vendor/star-rating/star-rating-svg.css]
[finlab.dexignzone.com/xhtml/vendor/star-rating/jquery.star-rating-svg.js]
[finlab.dexignzone.com/xhtml/ecom-product-list.html]
[finlab.dexignzone.com/xhtml/images/tab/1.jpg]
[finlab.dexignzone.com/xhtml/images/tab/2.jpg]
[finlab.dexignzone.com/xhtml/images/tab/3.jpg]
[finlab.dexignzone.com/xhtml/images/tab/4.jpg]
[finlab.dexignzone.com/xhtml/ecom-product-detail.html]
[finlab.dexignzone.com/xhtml/ecom-product-order.html]
[finlab.dexignzone.com/xhtml/ecom-checkout.html]
[finlab.dexignzone.com/xhtml/images/logo-full-light.png]
[finlab.dexignzone.com/xhtml/images/qr.png]
[finlab.dexignzone.com/xhtml/ecom-invoice.html]
[finlab.dexignzone.com/xhtml/images/avatar/5.png]
[finlab.dexignzone.com/xhtml/images/avatar/1.png]
[finlab.dexignzone.com/xhtml/ecom-customers.html]
[finlab.dexignzone.com/xhtml/vendor/flot/jquery.flot.js]
[finlab.dexignzone.com/xhtml/vendor/highlightjs/highlight.pack.min.js]
[finlab.dexignzone.com/xhtml/vendor/flot/jquery.flot.pie.js]
[finlab.dexignzone.com/xhtml/vendor/flot/jquery.flot.resize.js]
[finlab.dexignzone.com/xhtml/vendor/flot-spline/jquery.flot.spline.min.js]
[finlab.dexignzone.com/xhtml/js/plugins-init/flot-init.js]
[finlab.dexignzone.com/xhtml/chart-flot.html]
[finlab.dexignzone.com/xhtml/vendor/raphael/raphael.min.js]
[finlab.dexignzone.com/xhtml/vendor/morris/morris.min.js]
[finlab.dexignzone.com/xhtml/js/plugins-init/morris-init.js]
[finlab.dexignzone.com/xhtml/chart-morris.html]
[finlab.dexignzone.com/xhtml/js/plugins-init/chartjs-init.js]
[finlab.dexignzone.com/xhtml/chart-chartjs.html]
[finlab.dexignzone.com/xhtml/vendor/chartist/js/chartist.min.js]
[finlab.dexignzone.com/xhtml/vendor/chartist-plugin-tooltips/js/chartist-plugin-tooltip.min.js]
[finlab.dexignzone.com/xhtml/js/plugins-init/chartist-init.js]
[finlab.dexignzone.com/xhtml/chart-chartist.html]
[finlab.dexignzone.com/xhtml/vendor/jquery-sparkline/jquery.sparkline.min.js]
[finlab.dexignzone.com/xhtml/js/plugins-init/sparkline-init.js]
[finlab.dexignzone.com/xhtml/vendor/svganimation/vivus.min.js]
[finlab.dexignzone.com/xhtml/vendor/svganimation/svg.animation.js]
[finlab.dexignzone.com/xhtml/chart-sparkline.html]
[finlab.dexignzone.com/xhtml/js/plugins-init/piety-init.js]
[finlab.dexignzone.com/xhtml/chart-peity.html]
[finlab.dexignzone.com/xhtml/ui-accordion.html]
[finlab.dexignzone.com/xhtml/js/highlight.min.js]
[finlab.dexignzone.com/xhtml/ui-alert.html]
[finlab.dexignzone.com/xhtml/ui-badge.html]
[finlab.dexignzone.com/xhtml/ui-button.html]
[finlab.dexignzone.com/xhtml/ui-modal.html]
[finlab.dexignzone.com/xhtml/ui-button-group.html]
[finlab.dexignzone.com/xhtml/ui-list-group.html]
[finlab.dexignzone.com/xhtml/images/card/1.png]
[finlab.dexignzone.com/xhtml/images/card/2.png]
[finlab.dexignzone.com/xhtml/images/card/3.png]
[finlab.dexignzone.com/xhtml/ui-card.html]
[finlab.dexignzone.com/xhtml/images/big/img1.jpg]
[finlab.dexignzone.com/xhtml/images/big/img2.jpg]
[finlab.dexignzone.com/xhtml/images/big/img3.jpg]
[finlab.dexignzone.com/xhtml/images/big/img4.jpg]
[finlab.dexignzone.com/xhtml/images/big/img5.jpg]
[finlab.dexignzone.com/xhtml/images/big/img6.jpg]
[finlab.dexignzone.com/xhtml/images/big/img7.jpg]
[finlab.dexignzone.com/xhtml/ui-carousel.html]
[finlab.dexignzone.com/xhtml/ui-dropdown.html]
[finlab.dexignzone.com/xhtml/ui-popover.html]
[finlab.dexignzone.com/xhtml/ui-progressbar.html]
[finlab.dexignzone.com/xhtml/ui-tab.html]
[finlab.dexignzone.com/xhtml/ui-typography.html]
[finlab.dexignzone.com/xhtml/ui-pagination.html]
[finlab.dexignzone.com/xhtml/ui-grid.html]
[finlab.dexignzone.com/xhtml/vendor/select2/css/select2.min.css]
[finlab.dexignzone.com/xhtml/vendor/select2/js/select2.full.min.js]
[finlab.dexignzone.com/xhtml/js/plugins-init/select2-init.js]
[finlab.dexignzone.com/xhtml/uc-select2.html]
[finlab.dexignzone.com/xhtml/vendor/nestable2/css/jquery.nestable.min.css]
[finlab.dexignzone.com/xhtml/vendor/nestable2/js/jquery.nestable.min.js]
[finlab.dexignzone.com/xhtml/js/plugins-init/nestable-init.js]
[finlab.dexignzone.com/xhtml/uc-nestable.html]
[finlab.dexignzone.com/xhtml/vendor/nouislider/nouislider.min.css]
[finlab.dexignzone.com/xhtml/vendor/nouislider/nouislider.min.js]
[finlab.dexignzone.com/xhtml/vendor/wnumb/wNumb.js]
[finlab.dexignzone.com/xhtml/js/plugins-init/nouislider-init.js]
[finlab.dexignzone.com/xhtml/uc-noui-slider.html]
[finlab.dexignzone.com/xhtml/vendor/sweetalert2/dist/sweetalert2.min.css]
[finlab.dexignzone.com/xhtml/vendor/sweetalert2/dist/sweetalert2.min.js]
[finlab.dexignzone.com/xhtml/js/plugins-init/sweetalert.init.js]
[finlab.dexignzone.com/xhtml/uc-sweetalert.html]
[finlab.dexignzone.com/xhtml/vendor/toastr/css/toastr.min.css]
[finlab.dexignzone.com/xhtml/vendor/toastr/js/toastr.min.js]
[finlab.dexignzone.com/xhtml/js/plugins-init/toastr-init.js]
[finlab.dexignzone.com/xhtml/uc-toastr.html]
[finlab.dexignzone.com/xhtml/vendor/jqvmap/css/jqvmap.min.css]
[finlab.dexignzone.com/xhtml/vendor/jqvmap/js/jquery.vmap.min.js]
[finlab.dexignzone.com/xhtml/vendor/jqvmap/js/jquery.vmap.world.js]
[finlab.dexignzone.com/xhtml/vendor/jqvmap/js/jquery.vmap.usa.js]
[finlab.dexignzone.com/xhtml/js/plugins-init/jqvmap-init.js]
[finlab.dexignzone.com/xhtml/map-jqvmap.html]
[finlab.dexignzone.com/xhtml/images/big/img8.jpg]
[finlab.dexignzone.com/xhtml/uc-lightgallery.html]
[finlab.dexignzone.com/xhtml/js/plugins-init/widgets-script-init.js]
[finlab.dexignzone.com/xhtml/js/custom.js]
[finlab.dexignzone.com/xhtml/widget-chart.html]
[finlab.dexignzone.com/xhtml/widget-card.html]
[finlab.dexignzone.com/xhtml/widget-list.html]
[finlab.dexignzone.com/xhtml/form-element.html]
[finlab.dexignzone.com/xhtml/vendor/jquery-smartwizard/dist/css/smart_wizard.min.css]
[finlab.dexignzone.com/xhtml/vendor/jquery-steps/build/jquery.steps.min.js]
[finlab.dexignzone.com/xhtml/vendor/jquery-validation/jquery.validate.min.js]
[finlab.dexignzone.com/xhtml/js/plugins-init/jquery.validate-init.js]
[finlab.dexignzone.com/xhtml/vendor/jquery-smartwizard/dist/js/jquery.smartWizard.js]
[finlab.dexignzone.com/xhtml/form-wizard.html]
[finlab.dexignzone.com/xhtml/form-ckeditor.html]
[finlab.dexignzone.com/xhtml/vendor/bootstrap-daterangepicker/daterangepicker.css]
[finlab.dexignzone.com/xhtml/vendor/clockpicker/css/bootstrap-clockpicker.min.css]
[finlab.dexignzone.com/xhtml/vendor/jquery-asColorPicker/css/asColorPicker.min.css]
[finlab.dexignzone.com/xhtml/vendor/bootstrap-material-datetimepicker/css/bootstrap-material-datetimepicker.css]
[finlab.dexignzone.com/xhtml/vendor/ckeditor/ckeditor.js]
[finlab.dexignzone.com/xhtml/vendor/pickadate/themes/default.css]
[finlab.dexignzone.com/xhtml/vendor/pickadate/themes/default.date.css]
[finlab.dexignzone.com/xhtml/vendor/bootstrap-daterangepicker/daterangepicker.js]
[finlab.dexignzone.com/xhtml/vendor/clockpicker/js/bootstrap-clockpicker.min.js]
[finlab.dexignzone.com/xhtml/vendor/jquery-asColor/jquery-asColor.min.js]
[finlab.dexignzone.com/xhtml/vendor/jquery-asGradient/jquery-asGradient.min.js]
[finlab.dexignzone.com/xhtml/vendor/jquery-asColorPicker/js/jquery-asColorPicker.min.js]
[finlab.dexignzone.com/xhtml/vendor/bootstrap-material-datetimepicker/js/bootstrap-material-datetimepicker.js]
[finlab.dexignzone.com/xhtml/vendor/pickadate/picker.js]
[finlab.dexignzone.com/xhtml/vendor/pickadate/picker.time.js]
[finlab.dexignzone.com/xhtml/vendor/pickadate/picker.date.js]
[finlab.dexignzone.com/xhtml/js/plugins-init/bs-daterange-picker-init.js]
[finlab.dexignzone.com/xhtml/js/plugins-init/clock-picker-init.js]
[finlab.dexignzone.com/xhtml/js/plugins-init/jquery-asColorPicker.init.js]
[finlab.dexignzone.com/xhtml/js/plugins-init/material-date-picker-init.js]
[finlab.dexignzone.com/xhtml/js/plugins-init/pickadate-init.js]
[finlab.dexignzone.com/xhtml/form-pickers.html]
[finlab.dexignzone.com/xhtml/form-validation.html]
[finlab.dexignzone.com/xhtml/table-bootstrap-basic.html]
[finlab.dexignzone.com/xhtml/vendor/datatables/css/jquery.dataTables.min.css]
[finlab.dexignzone.com/xhtml/images/profile/small/pic6.jpg]
[finlab.dexignzone.com/xhtml/images/profile/small/pic9.jpg]
[finlab.dexignzone.com/xhtml/images/profile/small/pic7.jpg]
[finlab.dexignzone.com/xhtml/images/profile/small/pic8.jpg]
[finlab.dexignzone.com/xhtml/images/profile/small/pic10.jpg]
[finlab.dexignzone.com/xhtml/table-datatable-basic.html]
[finlab.dexignzone.com/xhtml/page-register.html]
[finlab.dexignzone.com/xhtml/page-error-400.html]
[finlab.dexignzone.com/xhtml/page-error-403.html]
[finlab.dexignzone.com/xhtml/page-error-404.html]
[finlab.dexignzone.com/xhtml/page-error-500.html]
[finlab.dexignzone.com/xhtml/page-error-503.html]
[finlab.dexignzone.com/xhtml/page-lock-screen.html]
[finlab.dexignzone.com/xhtml/empty-page.html]
[finlab.dexignzone.com/xhtml/ajax/recentactivity.html]
[finlab.dexignzone.com/xhtml/vendor/global/global.min.js]
[finlab.dexignzone.com/xhtml/vendor/chart.js/Chart.bundle.min.js]
[finlab.dexignzone.com/xhtml/vendor/bootstrap-select/dist/js/bootstrap-select.min.js]
[finlab.dexignzone.com/xhtml/vendor/apexchart/apexchart.js]
[finlab.dexignzone.com/xhtml/vendor/peity/jquery.peity.min.js]
[finlab.dexignzone.com/xhtml/vendor/jquery-nice-select/js/jquery.nice-select.min.js]
[finlab.dexignzone.com/xhtml/vendor/swiper/js/swiper-bundle.min.js]
[finlab.dexignzone.com/xhtml/js/dashboard/dashboard-1.js]
[finlab.dexignzone.com/xhtml/vendor/wow-master/dist/wow.min.js]
[finlab.dexignzone.com/xhtml/vendor/bootstrap-datetimepicker/js/moment.js]
[finlab.dexignzone.com/xhtml/vendor/datepicker/js/bootstrap-datepicker.min.js]
[finlab.dexignzone.com/xhtml/vendor/bootstrap-select-country/js/bootstrap-select-country.min.js]
[finlab.dexignzone.com/xhtml/js/dlabnav-init.js]
[finlab.dexignzone.com/xhtml/js/custom.min.js]
[finlab.dexignzone.com/xhtml/js/demo.js]
[finlab.dexignzone.com/xhtml/js/styleSwitcher.js]
[finlab.dexignzone.com/xhtml/icons/simple-line-icons/fonts/Simple-Line-Icons4c824c82.eot]
[finlab.dexignzone.com/xhtml/icons/simple-line-icons/fonts/Simple-Line-Iconsd41dd41d.eot]
[finlab.dexignzone.com/xhtml/icons/simple-line-icons/fonts/Simple-Line-Icons4c824c82.ttf]
[finlab.dexignzone.com/xhtml/icons/simple-line-icons/fonts/Simple-Line-Icons4c824c82.woff2]
[finlab.dexignzone.com/xhtml/icons/simple-line-icons/css/simple-line-icons.css]
[finlab.dexignzone.com/xhtml/icons/simple-line-icons/fonts/Simple-Line-Icons4c824c82.woff]
[finlab.dexignzone.com/xhtml/icons/simple-line-icons/fonts/Simple-Line-Icons4c824c82.svg]
[finlab.dexignzone.com/xhtml/icons/fontawesome/webfonts/fa-regular-400.woff2]
[finlab.dexignzone.com/xhtml/icons/fontawesome/webfonts/fa-brands-400.woff2]
[finlab.dexignzone.com/xhtml/icons/fontawesome/webfonts/fa-brands-400.ttf]
[finlab.dexignzone.com/xhtml/icons/fontawesome/webfonts/fa-regular-400.ttf]
[finlab.dexignzone.com/xhtml/icons/fontawesome/webfonts/fa-v4compatibility.woff2]
[finlab.dexignzone.com/xhtml/icons/fontawesome/webfonts/fa-solid-900.woff2]
[finlab.dexignzone.com/xhtml/icons/fontawesome/webfonts/fa-v4compatibility.ttf]
[finlab.dexignzone.com/xhtml/icons/fontawesome/css/all.min.css]
[finlab.dexignzone.com/xhtml/icons/fontawesome/webfonts/fa-solid-900.ttf]
[finlab.dexignzone.com/xhtml/icons/material-design-iconic-font/fonts/materialdesignicons-webfont683c.eot]
[finlab.dexignzone.com/xhtml/icons/material-design-iconic-font/fonts/materialdesignicons-webfont683c.ttf]
[finlab.dexignzone.com/xhtml/icons/material-design-iconic-font/fonts/materialdesignicons-webfontd41d.eot]
[finlab.dexignzone.com/xhtml/icons/material-design-iconic-font/fonts/materialdesignicons-webfont683c.woff2]
[finlab.dexignzone.com/xhtml/icons/material-design-iconic-font/css/materialdesignicons.min.css]
[finlab.dexignzone.com/xhtml/icons/material-design-iconic-font/fonts/materialdesignicons-webfont683c.woff]
[finlab.dexignzone.com/xhtml/icons/material-design-iconic-font/fonts/materialdesignicons-webfont683c.svg]
[finlab.dexignzone.com/xhtml/icons/themify-icons/fonts/themify9f249f24.eot]
[finlab.dexignzone.com/xhtml/icons/themify-icons/fonts/themifyd41dd41d.eot]
[finlab.dexignzone.com/xhtml/icons/themify-icons/fonts/themify.woff]
[finlab.dexignzone.com/xhtml/icons/themify-icons/fonts/themify.ttf]
[finlab.dexignzone.com/xhtml/icons/themify-icons/css/themify-icons.css]
[finlab.dexignzone.com/xhtml/icons/themify-icons/fonts/themify9f249f24.svg]
[finlab.dexignzone.com/xhtml/icons/line-awesome/fonts/la-brands-400.eot]
[finlab.dexignzone.com/xhtml/icons/line-awesome/fonts/la-brands-400d41d.eot]
[finlab.dexignzone.com/xhtml/icons/line-awesome/fonts/la-brands-400.woff2]
[finlab.dexignzone.com/xhtml/icons/line-awesome/fonts/la-brands-400.woff]
[finlab.dexignzone.com/xhtml/icons/line-awesome/fonts/la-brands-400.ttf]
[finlab.dexignzone.com/xhtml/icons/line-awesome/fonts/la-regular-400.eot]
[finlab.dexignzone.com/xhtml/icons/line-awesome/fonts/la-regular-400d41d.eot]
[finlab.dexignzone.com/xhtml/icons/line-awesome/fonts/la-regular-400.woff2]
[finlab.dexignzone.com/xhtml/icons/line-awesome/fonts/la-regular-400.woff]
[finlab.dexignzone.com/xhtml/icons/line-awesome/fonts/la-regular-400.ttf]
[finlab.dexignzone.com/xhtml/icons/line-awesome/fonts/la-regular-400.svg]
[finlab.dexignzone.com/xhtml/icons/line-awesome/fonts/la-solid-900.eot]
[finlab.dexignzone.com/xhtml/icons/line-awesome/fonts/la-brands-400.svg]
[finlab.dexignzone.com/xhtml/icons/line-awesome/fonts/la-solid-900d41d.eot]
[finlab.dexignzone.com/xhtml/icons/line-awesome/fonts/la-solid-900.woff2]
[finlab.dexignzone.com/xhtml/icons/line-awesome/css/line-awesome.min.css]
[finlab.dexignzone.com/xhtml/icons/line-awesome/fonts/la-solid-900.woff]
[finlab.dexignzone.com/xhtml/icons/avasta/fonts/avasta.eot]
[finlab.dexignzone.com/xhtml/icons/line-awesome/fonts/la-solid-900.ttf]
[finlab.dexignzone.com/xhtml/icons/avasta/fonts/avasta.woff2]
[finlab.dexignzone.com/xhtml/icons/avasta/fonts/avasta.woff]
[finlab.dexignzone.com/xhtml/icons/avasta/fonts/avasta.ttf]
[finlab.dexignzone.com/xhtml/icons/avasta/css/style.css]
[finlab.dexignzone.com/xhtml/icons/avasta/fonts/avasta.svg]
[finlab.dexignzone.com/xhtml/icons/line-awesome/fonts/la-solid-900.svg]
[finlab.dexignzone.com/xhtml/icons/flaticon/Flaticon.eot]
[finlab.dexignzone.com/xhtml/icons/flaticon/Flaticond41d.eot]
[finlab.dexignzone.com/xhtml/icons/flaticon/Flaticon.woff]
[finlab.dexignzone.com/xhtml/icons/flaticon/Flaticon.ttf]
[finlab.dexignzone.com/xhtml/icons/flaticon/flaticon.css]
[finlab.dexignzone.com/xhtml/icons/flaticon-1/font/flaticon-1882d.ttf]
[finlab.dexignzone.com/xhtml/icons/flaticon-1/font/flaticon-1882d.woff]
[finlab.dexignzone.com/xhtml/icons/flaticon/Flaticon.svg]
[finlab.dexignzone.com/xhtml/icons/flaticon-1/font/flaticon-1882d.woff2]
[finlab.dexignzone.com/xhtml/icons/flaticon-1/font/flaticon-1.css]
[finlab.dexignzone.com/xhtml/icons/flaticon-1/font/flaticon-1882d.eot]
[finlab.dexignzone.com/xhtml/icons/icomoon/fonts/icomoon.eot]
[finlab.dexignzone.com/xhtml/icons/icomoon/fonts/icomoon.ttf]
[finlab.dexignzone.com/xhtml/icons/icomoon/fonts/icomoon.woff]
[finlab.dexignzone.com/xhtml/icons/flaticon-1/font/flaticon-1882d.svg]
[finlab.dexignzone.com/xhtml/icons/icomoon/icomoon.css]
[finlab.dexignzone.com/xhtml/icons/icomoon/fonts/icomoon.svg]
[finlab.dexignzone.com/xhtml/icons/bootstrap-icons/font/fonts/bootstrap-iconse36a.woff2]
[finlab.dexignzone.com/xhtml/icons/bootstrap-icons/font/bootstrap-icons.css]
[finlab.dexignzone.com/xhtml/vendor/animate/animate.min.css]
[finlab.dexignzone.com/xhtml/vendor/aos/css/aos.min.css]
[finlab.dexignzone.com/xhtml/vendor/perfect-scrollbar/css/perfect-scrollbar.css]
[finlab.dexignzone.com/xhtml/vendor/metismenu/css/metisMenu.min.css]
[finlab.dexignzone.com/xhtml/images/svg/check.svg]
[finlab.dexignzone.com/xhtml/vendor/lightgallery/fonts/lgd641.eot]
[finlab.dexignzone.com/xhtml/icons/bootstrap-icons/font/fonts/bootstrap-iconse36a.woff]
[finlab.dexignzone.com/xhtml/vendor/lightgallery/fonts/lgd41d.eot]
[finlab.dexignzone.com/xhtml/vendor/lightgallery/fonts/lgd641.woff]
[finlab.dexignzone.com/xhtml/vendor/lightgallery/fonts/lgd641.ttf]
[finlab.dexignzone.com/xhtml/vendor/lightgallery/fonts/lgd641.svg]
[finlab.dexignzone.com/xhtml/vendor/lightgallery/img/vimeo-play.png]
[finlab.dexignzone.com/xhtml/vendor/lightgallery/img/video-play.png]
[finlab.dexignzone.com/xhtml/vendor/lightgallery/img/youtube-play.png]
[finlab.dexignzone.com/xhtml/vendor/lightgallery/img/loading.gif]
[finlab.dexignzone.com/xhtml/vendor/lightgallery/css/lightgallery.min.css]
[finlab.dexignzone.com/xhtml/vendor/lightgallery/js/lightgallery-all.min.js]
[finlab.dexignzone.com/xhtml/vendor/chartist/css/chartist.min.css]
[finlab.dexignzone.com/xhtml/vendor/bootstrap-datetimepicker/css/bootstrap-datetimepicker.min.css]
[finlab.dexignzone.com/xhtml/vendor/datatables/js/jquery.dataTables.min.js]
[finlab.dexignzone.com/xhtml/page-forgot-password.html]
[finlab.dexignzone.com/xhtml/vendor/owl-carousel/owl.carousel.js]
[finlab.dexignzone.com/xhtml/js/dashboard/banking.js]
[finlab.dexignzone.com/xhtml/vendor/bootstrap-datetimepicker/js/bootstrap-datetimepicker.min.js]
[finlab.dexignzone.com/xhtml/ajax/event-agenda.html]
[finlab.dexignzone.com/xhtml/js/dashboard/crypto.js]
[finlab.dexignzone.com/xhtml/js/plugins-init/datatables.init.js]
[finlab.dexignzone.com/xhtml/js/invoice.js]
[finlab.dexignzone.com/xhtml/vendor/draggable/draggable.js]
[finlab.dexignzone.com/xhtml/js/user.js]
[finlab.dexignzone.com/xhtml/vendor/fullcalendar-5.11.0/lib/main.css]
[finlab.dexignzone.com/xhtml/vendor/fullcalendar-5.11.0/lib/main.js]
[finlab.dexignzone.com/xhtml/js/calendar-2.js]
[finlab.dexignzone.com/xhtml/vendor/dropzone/dist/dropzone.css]
[finlab.dexignzone.com/xhtml/vendor/dropzone/dist/dropzone.js]
[finlab.dexignzone.com/xhtml/vendor/moment/moment.min.js]
[finlab.dexignzone.com/xhtml/js/calendar.js]
[finlab.dexignzone.com/xhtml/vendor/star-rating/star-rating-svg.css]
[finlab.dexignzone.com/xhtml/vendor/star-rating/jquery.star-rating-svg.js]
[finlab.dexignzone.com/xhtml/vendor/highlightjs/highlight.pack.min.js]
[finlab.dexignzone.com/xhtml/vendor/flot/jquery.flot.js]
[finlab.dexignzone.com/xhtml/vendor/flot/jquery.flot.pie.js]
[finlab.dexignzone.com/xhtml/vendor/flot/jquery.flot.resize.js]
[finlab.dexignzone.com/xhtml/vendor/flot-spline/jquery.flot.spline.min.js]
[finlab.dexignzone.com/xhtml/js/plugins-init/flot-init.js]
[finlab.dexignzone.com/xhtml/vendor/raphael/raphael.min.js]
[finlab.dexignzone.com/xhtml/vendor/morris/morris.min.js]
[finlab.dexignzone.com/xhtml/js/plugins-init/morris-init.js]
[finlab.dexignzone.com/xhtml/js/plugins-init/chartjs-init.js]
[finlab.dexignzone.com/xhtml/vendor/chartist/js/chartist.min.js]
[finlab.dexignzone.com/xhtml/vendor/chartist-plugin-tooltips/js/chartist-plugin-tooltip.min.js]
[finlab.dexignzone.com/xhtml/js/plugins-init/chartist-init.js]
[finlab.dexignzone.com/xhtml/vendor/jquery-sparkline/jquery.sparkline.min.js]
[finlab.dexignzone.com/xhtml/js/plugins-init/sparkline-init.js]
[finlab.dexignzone.com/xhtml/vendor/svganimation/vivus.min.js]
[finlab.dexignzone.com/xhtml/vendor/svganimation/svg.animation.js]
[finlab.dexignzone.com/xhtml/js/plugins-init/piety-init.js]
[finlab.dexignzone.com/xhtml/js/highlight.min.js]
[finlab.dexignzone.com/xhtml/vendor/select2/css/select2.min.css]
[finlab.dexignzone.com/xhtml/vendor/select2/js/select2.full.min.js]
[finlab.dexignzone.com/xhtml/js/plugins-init/select2-init.js]
[finlab.dexignzone.com/xhtml/vendor/nestable2/css/jquery.nestable.min.css]
[finlab.dexignzone.com/xhtml/vendor/nestable2/js/jquery.nestable.min.js]
[finlab.dexignzone.com/xhtml/js/plugins-init/nestable-init.js]
[finlab.dexignzone.com/xhtml/vendor/nouislider/nouislider.min.css]
[finlab.dexignzone.com/xhtml/vendor/nouislider/nouislider.min.js]
[finlab.dexignzone.com/xhtml/vendor/wnumb/wNumb.js]
[finlab.dexignzone.com/xhtml/js/plugins-init/nouislider-init.js]
[finlab.dexignzone.com/xhtml/vendor/sweetalert2/dist/sweetalert2.min.css]
[finlab.dexignzone.com/xhtml/vendor/sweetalert2/dist/sweetalert2.min.js]
[finlab.dexignzone.com/xhtml/js/plugins-init/sweetalert.init.js]
[finlab.dexignzone.com/xhtml/vendor/toastr/css/toastr.min.css]
[finlab.dexignzone.com/xhtml/vendor/toastr/js/toastr.min.js]
[finlab.dexignzone.com/xhtml/js/plugins-init/toastr-init.js]
[finlab.dexignzone.com/xhtml/vendor/jqvmap/css/jqvmap.min.css]
[finlab.dexignzone.com/xhtml/vendor/jqvmap/js/jquery.vmap.min.js]
[finlab.dexignzone.com/xhtml/vendor/jqvmap/js/jquery.vmap.world.js]
[finlab.dexignzone.com/xhtml/vendor/jqvmap/js/jquery.vmap.usa.js]
[finlab.dexignzone.com/xhtml/js/plugins-init/jqvmap-init.js]
[finlab.dexignzone.com/xhtml/js/plugins-init/widgets-script-init.js]
[finlab.dexignzone.com/xhtml/js/custom.js]
[finlab.dexignzone.com/xhtml/vendor/jquery-smartwizard/dist/css/smart_wizard.min.css]
[finlab.dexignzone.com/xhtml/vendor/jquery-steps/build/jquery.steps.min.js]
[finlab.dexignzone.com/xhtml/vendor/jquery-validation/jquery.validate.min.js]
[finlab.dexignzone.com/xhtml/js/plugins-init/jquery.validate-init.js]
[finlab.dexignzone.com/xhtml/vendor/jquery-smartwizard/dist/js/jquery.smartWizard.js]
[finlab.dexignzone.com/xhtml/vendor/ckeditor/ckeditor.js]
[finlab.dexignzone.com/xhtml/vendor/bootstrap-daterangepicker/daterangepicker.css]
[finlab.dexignzone.com/xhtml/vendor/clockpicker/css/bootstrap-clockpicker.min.css]
[finlab.dexignzone.com/xhtml/vendor/jquery-asColorPicker/images/transparent.png]
[finlab.dexignzone.com/xhtml/vendor/jquery-asColorPicker/images/saturation.png]
[finlab.dexignzone.com/xhtml/vendor/jquery-asColorPicker/images/hue.png]
[finlab.dexignzone.com/xhtml/vendor/jquery-asColorPicker/images/alpha.png]
[finlab.dexignzone.com/xhtml/vendor/jquery-asColorPicker/css/asColorPicker.min.css]
[finlab.dexignzone.com/xhtml/vendor/bootstrap-material-datetimepicker/css/bootstrap-material-datetimepicker.css]
[finlab.dexignzone.com/xhtml/vendor/pickadate/themes/default.css]
[finlab.dexignzone.com/xhtml/vendor/pickadate/themes/default.date.css]
[finlab.dexignzone.com/xhtml/vendor/bootstrap-daterangepicker/daterangepicker.js]
[finlab.dexignzone.com/xhtml/vendor/clockpicker/js/bootstrap-clockpicker.min.js]
[finlab.dexignzone.com/xhtml/vendor/jquery-asColor/jquery-asColor.min.js]
[finlab.dexignzone.com/xhtml/vendor/jquery-asGradient/jquery-asGradient.min.js]
[finlab.dexignzone.com/xhtml/vendor/jquery-asColorPicker/js/jquery-asColorPicker.min.js]
[finlab.dexignzone.com/xhtml/vendor/bootstrap-material-datetimepicker/js/bootstrap-material-datetimepicker.js]
[finlab.dexignzone.com/xhtml/vendor/pickadate/picker.js]
[finlab.dexignzone.com/xhtml/vendor/pickadate/picker.time.js]
[finlab.dexignzone.com/xhtml/vendor/pickadate/picker.date.js]
[finlab.dexignzone.com/xhtml/js/plugins-init/bs-daterange-picker-init.js]
[finlab.dexignzone.com/xhtml/js/plugins-init/clock-picker-init.js]
[finlab.dexignzone.com/xhtml/js/plugins-init/jquery-asColorPicker.init.js]
[finlab.dexignzone.com/xhtml/js/plugins-init/material-date-picker-init.js]
[finlab.dexignzone.com/xhtml/js/plugins-init/pickadate-init.js]
[finlab.dexignzone.com/xhtml/vendor/datatables/css/jquery.dataTables.min.css]
[finlab.dexignzone.com/xhtml/Trident/index.html]
[finlab.dexignzone.com/xhtml/Edge/index.html]
[finlab.dexignzone.com/xhtml/icons/simple-line-icons/fonts/Simple-Line-Icons4c824c82.svg]
[finlab.dexignzone.com/xhtml/icons/material-design-iconic-font/fonts/materialdesignicons-webfont683c.svg]
[finlab.dexignzone.com/xhtml/icons/themify-icons/fonts/themify9f249f24.svg]
[finlab.dexignzone.com/xhtml/icons/line-awesome/fonts/la-brands-400.svg]
[finlab.dexignzone.com/xhtml/icons/line-awesome/fonts/la-regular-400.svg]
[finlab.dexignzone.com/xhtml/icons/line-awesome/fonts/la-solid-900.svg]
[finlab.dexignzone.com/xhtml/icons/avasta/fonts/avasta.svg]
[finlab.dexignzone.com/xhtml/icons/flaticon/Flaticon.svg]
[finlab.dexignzone.com/xhtml/icons/flaticon-1/font/flaticon-1882d.svg]
[finlab.dexignzone.com/xhtml/icons/icomoon/fonts/icomoon.svg]
[finlab.dexignzone.com/xhtml/vendor/lightgallery/fonts/lgd641.svg]
