[jthemes.net/themes/html/genius-course/index-1.html]
[backblue.gif]
[fade.gif]
[index.html]
[jthemes.net/themes/html/genius-course/assets/css/owl.carousel.css]
[jthemes.net/themes/html/genius-course/assets/css/fontawesome-all.css]
[jthemes.net/themes/html/genius-course/assets/css/flaticon.css]
[jthemes.net/themes/html/genius-course/assets/css/meanmenu.css]
[jthemes.net/themes/html/genius-course/assets/css/bootstrap.min.css]
[jthemes.net/themes/html/genius-course/assets/css/video.min.css]
[jthemes.net/themes/html/genius-course/assets/css/lightbox.css]
[jthemes.net/themes/html/genius-course/assets/css/progess.css]
[jthemes.net/themes/html/genius-course/assets/css/animate.min.css]
[jthemes.net/themes/html/genius-course/assets/css/style.css]
[jthemes.net/themes/html/genius-course/assets/css/responsive.css]
[jthemes.net/themes/html/genius-course/assets/css/colors/switch.css]
[jthemes.net/themes/html/genius-course/assets/css/colors/color-2.css]
[jthemes.net/themes/html/genius-course/assets/css/colors/color-3.css]
[jthemes.net/themes/html/genius-course/assets/css/colors/color-4.css]
[jthemes.net/themes/html/genius-course/assets/css/colors/color-5.css]
[jthemes.net/themes/html/genius-course/assets/css/colors/color-6.css]
[jthemes.net/themes/html/genius-course/assets/css/colors/color-7.css]
[jthemes.net/themes/html/genius-course/assets/css/colors/color-8.css]
[jthemes.net/themes/html/genius-course/assets/css/colors/color-9.css]
[jthemes.net/themes/html/genius-course/RTL_Genius/index.html]
[jthemes.net/themes/html/genius-course/assets/img/logo/logo.png]
[jthemes.net/themes/html/genius-course/assets/img/logo/p-logo.jpg]
[jthemes.net/themes/html/genius-course/index-2.html]
[jthemes.net/themes/html/genius-course/index-3.html]
[jthemes.net/themes/html/genius-course/index-4.html]
[jthemes.net/themes/html/genius-course/about.html]
[jthemes.net/themes/html/genius-course/shop.html]
[jthemes.net/themes/html/genius-course/contact.html]
[jthemes.net/themes/html/genius-course/teacher.html]
[jthemes.net/themes/html/genius-course/teacher-details.html]
[jthemes.net/themes/html/genius-course/blog.html]
[jthemes.net/themes/html/genius-course/blog-single.html]
[jthemes.net/themes/html/genius-course/course.html]
[jthemes.net/themes/html/genius-course/course-details.html]
[jthemes.net/themes/html/genius-course/faq.html]
[jthemes.net/themes/html/genius-course/check-out.html]
[jthemes.net/themes/html/genius-course/assets/img/course/c-1.jpg]
[jthemes.net/themes/html/genius-course/assets/img/course/c-2.jpg]
[jthemes.net/themes/html/genius-course/assets/img/course/c-3.jpg]
[jthemes.net/themes/html/genius-course/assets/img/about/phone.png]
[jthemes.net/themes/html/genius-course/assets/img/blog/lb-1.jpg]
[jthemes.net/themes/html/genius-course/assets/img/blog/lb-2.jpg]
[jthemes.net/themes/html/genius-course/assets/img/banner/v-1.jpg]
[jthemes.net/themes/html/genius-course/assets/img/sponsor/s-1.jpg]
[jthemes.net/themes/html/genius-course/assets/img/sponsor/s-2.jpg]
[jthemes.net/themes/html/genius-course/assets/img/sponsor/s-3.jpg]
[jthemes.net/themes/html/genius-course/assets/img/sponsor/s-4.jpg]
[jthemes.net/themes/html/genius-course/assets/img/sponsor/s-5.jpg]
[jthemes.net/themes/html/genius-course/assets/img/sponsor/s-6.jpg]
[jthemes.net/themes/html/genius-course/assets/img/course/bc-1.jpg]
[jthemes.net/themes/html/genius-course/assets/img/course/bc-2.jpg]
[jthemes.net/themes/html/genius-course/assets/img/course/bc-3.jpg]
[jthemes.net/themes/html/genius-course/assets/img/course/bc-4.jpg]
[jthemes.net/themes/html/genius-course/assets/img/course/bc-5.jpg]
[jthemes.net/themes/html/genius-course/assets/img/course/bc-6.jpg]
[jthemes.net/themes/html/genius-course/assets/img/course/bc-7.jpg]
[jthemes.net/themes/html/genius-course/assets/img/course/bc-8.jpg]
[jthemes.net/themes/html/genius-course/assets/img/teacher/t-1.jpg]
[jthemes.net/themes/html/genius-course/assets/img/teacher/t-2.jpg]
[jthemes.net/themes/html/genius-course/assets/img/teacher/t-3.jpg]
[jthemes.net/themes/html/genius-course/assets/img/teacher/t-4.jpg]
[jthemes.net/themes/html/genius-course/assets/img/teacher/t-6.jpg]
[jthemes.net/themes/html/genius-course/assets/img/teacher/t-5.jpg]
[jthemes.net/themes/html/genius-course/assets/img/teacher/t-7.jpg]
[jthemes.net/themes/html/genius-course/assets/img/product/bp-1.png]
[jthemes.net/themes/html/genius-course/assets/img/product/bp-2.png]
[jthemes.net/themes/html/genius-course/assets/img/product/bp-3.png]
[jthemes.net/themes/html/genius-course/assets/img/product/bp-4.png]
[jthemes.net/themes/html/genius-course/assets/img/logo/f-logo.png]
[jthemes.net/themes/html/genius-course/assets/img/gallery/g-1.jpg]
[jthemes.net/themes/html/genius-course/assets/img/gallery/g-2.jpg]
[jthemes.net/themes/html/genius-course/assets/img/gallery/g-3.jpg]
[jthemes.net/themes/html/genius-course/assets/img/gallery/g-4.jpg]
[jthemes.net/themes/html/genius-course/assets/img/gallery/g-5.jpg]
[jthemes.net/themes/html/genius-course/assets/img/gallery/g-6.jpg]
[jthemes.net/themes/html/genius-course/assets/js/jquery-2.1.4.min.js]
[jthemes.net/themes/html/genius-course/assets/js/bootstrap.min.js]
[jthemes.net/themes/html/genius-course/assets/js/popper.min.js]
[jthemes.net/themes/html/genius-course/assets/js/owl.carousel.min.js]
[jthemes.net/themes/html/genius-course/assets/js/jarallax.js]
[jthemes.net/themes/html/genius-course/assets/js/jquery.magnific-popup.min.js]
[jthemes.net/themes/html/genius-course/assets/js/lightbox.js]
[jthemes.net/themes/html/genius-course/assets/js/jquery.meanmenu.js]
[jthemes.net/themes/html/genius-course/assets/js/scrollreveal.min.js]
[jthemes.net/themes/html/genius-course/assets/js/jquery.counterup.min.js]
[jthemes.net/themes/html/genius-course/assets/js/waypoints.min.js]
[jthemes.net/themes/html/genius-course/assets/js/gmap3.min.js]
[jthemes.net/themes/html/genius-course/assets/js/jquery-ui.js]
[jthemes.net/themes/html/genius-course/assets/js/switch.js]
[jthemes.net/themes/html/genius-course/index-1.html]
[jthemes.net/themes/html/genius-course/assets/js/script.js]
[jthemes.net/themes/html/genius-course/assets/css/owl.carousel.css]
[jthemes.net/themes/html/genius-course/assets/fonts/fa-brands-400.eot]
[jthemes.net/themes/html/genius-course/assets/fonts/fa-brands-400d41d.eot]
[jthemes.net/themes/html/genius-course/assets/fonts/fa-brands-400.woff]
[jthemes.net/themes/html/genius-course/assets/fonts/fa-brands-400.ttf]
[jthemes.net/themes/html/genius-course/assets/fonts/fa-regular-400.eot]
[jthemes.net/themes/html/genius-course/assets/fonts/fa-regular-400d41d.eot]
[jthemes.net/themes/html/genius-course/assets/fonts/fa-regular-400.woff]
[jthemes.net/themes/html/genius-course/assets/fonts/fa-regular-400.ttf]
[jthemes.net/themes/html/genius-course/assets/fonts/fa-solid-900.eot]
[jthemes.net/themes/html/genius-course/assets/fonts/fa-solid-900d41d.eot]
[jthemes.net/themes/html/genius-course/assets/fonts/fa-solid-900.woff]
[jthemes.net/themes/html/genius-course/assets/fonts/fa-solid-900.ttf]
[jthemes.net/themes/html/genius-course/assets/css/fontawesome-all.css]
[jthemes.net/themes/html/genius-course/assets/fonts/Flaticon.woff]
[jthemes.net/themes/html/genius-course/assets/fonts/Flaticon.ttf]
[jthemes.net/themes/html/genius-course/assets/css/flaticon.css]
[jthemes.net/themes/html/genius-course/assets/css/meanmenu.css]
[jthemes.net/themes/html/genius-course/assets/css/bootstrap.min.css]
[dimsemenov.com/images/sm-logo-24x24.png]
[jthemes.net/themes/html/genius-course/assets/css/video.min.css]
[jthemes.net/themes/html/genius-course/assets/img/close.png]
[jthemes.net/themes/html/genius-course/assets/img/loading.gif]
[jthemes.net/themes/html/genius-course/assets/img/prev.png]
[jthemes.net/themes/html/genius-course/assets/img/next.png]
[jthemes.net/themes/html/genius-course/assets/css/lightbox.css]
[jthemes.net/themes/html/genius-course/assets/css/progess.css]
[jthemes.net/themes/html/genius-course/assets/css/animate.min.css]
[jthemes.net/themes/html/genius-course/assets/img/preloader.gif]
[jthemes.net/themes/html/genius-course/assets/img/banner/brt-1.jpg]
[jthemes.net/themes/html/genius-course/assets/img/banner/pb.jpg]
[jthemes.net/themes/html/genius-course/assets/img/banner/s-1.jpg]
[jthemes.net/themes/html/genius-course/assets/img/banner/s-4.jpg]
[jthemes.net/themes/html/genius-course/assets/img/banner/s-3.jpg]
[jthemes.net/themes/html/genius-course/assets/img/banner/sd-1.jpg]
[jthemes.net/themes/html/genius-course/assets/img/banner/hb-2.jpg]
[jthemes.net/themes/html/genius-course/assets/img/about/abt.jpg]
[jthemes.net/themes/html/genius-course/assets/img/banner/tesit-b-1.jpg]
[jthemes.net/themes/html/genius-course/assets/img/banner/teacher-b.jpg]
[jthemes.net/themes/html/genius-course/assets/img/banner/fq-1.jpg]
[jthemes.net/themes/html/genius-course/assets/img/banner/wc-1.jpg]
[jthemes.net/themes/html/genius-course/assets/img/banner/contact-b.jpg]
[jthemes.net/themes/html/genius-course/assets/img/banner/cf-1.png]
[jthemes.net/themes/html/genius-course/assets/css/style.css]
[jthemes.net/themes/html/genius-course/assets/css/responsive.css]
[jthemes.net/themes/html/genius-course/assets/css/colors/switch.css]
[jthemes.net/themes/html/genius-course/assets/css/colors/color-2.css]
[jthemes.net/themes/html/genius-course/assets/css/colors/color-3.css]
[jthemes.net/themes/html/genius-course/assets/css/colors/color-4.css]
[jthemes.net/themes/html/genius-course/assets/css/colors/color-5.css]
[jthemes.net/themes/html/genius-course/assets/css/colors/color-6.css]
[jthemes.net/themes/html/genius-course/assets/css/colors/color-7.css]
[jthemes.net/themes/html/genius-course/assets/css/colors/color-8.css]
[jthemes.net/themes/html/genius-course/assets/css/colors/color-9.css]
[jthemes.net/themes/html/genius-course/RTL_Genius/assets/css/owl.carousel.css]
[jthemes.net/themes/html/genius-course/RTL_Genius/assets/css/fontawesome-all.css]
[jthemes.net/themes/html/genius-course/RTL_Genius/assets/css/flaticon.css]
[jthemes.net/themes/html/genius-course/RTL_Genius/assets/css/meanmenu.css]
[jthemes.net/themes/html/genius-course/RTL_Genius/assets/css/bootstrap.min.css]
[jthemes.net/themes/html/genius-course/RTL_Genius/assets/css/video.min.css]
[jthemes.net/themes/html/genius-course/RTL_Genius/assets/css/lightbox.css]
[jthemes.net/themes/html/genius-course/RTL_Genius/assets/css/progess.css]
[jthemes.net/themes/html/genius-course/RTL_Genius/assets/css/animate.min.css]
[jthemes.net/themes/html/genius-course/RTL_Genius/assets/css/style.css]
[jthemes.net/themes/html/genius-course/RTL_Genius/assets/css/responsive.css]
[jthemes.net/themes/html/genius-course/RTL_Genius/assets/img/logo/logo.png]
[jthemes.net/themes/html/genius-course/RTL_Genius/assets/img/logo/p-logo.jpg]
[jthemes.net/themes/html/genius-course/RTL_Genius/index-2.html]
[jthemes.net/themes/html/genius-course/RTL_Genius/index-3.html]
[jthemes.net/themes/html/genius-course/RTL_Genius/index-4.html]
[jthemes.net/themes/html/genius-course/RTL_Genius/about.html]
[jthemes.net/themes/html/genius-course/RTL_Genius/blog.html]
[jthemes.net/themes/html/genius-course/RTL_Genius/blog-single.html]
[jthemes.net/themes/html/genius-course/RTL_Genius/shop.html]
[jthemes.net/themes/html/genius-course/RTL_Genius/contact.html]
[jthemes.net/themes/html/genius-course/RTL_Genius/assets/img/course/c-1.jpg]
[jthemes.net/themes/html/genius-course/RTL_Genius/assets/img/course/c-2.jpg]
[jthemes.net/themes/html/genius-course/RTL_Genius/assets/img/course/c-3.jpg]
[jthemes.net/themes/html/genius-course/RTL_Genius/assets/img/about/phone.png]
[jthemes.net/themes/html/genius-course/RTL_Genius/assets/img/blog/lb-1.jpg]
[jthemes.net/themes/html/genius-course/RTL_Genius/assets/img/blog/lb-2.jpg]
[jthemes.net/themes/html/genius-course/RTL_Genius/assets/img/banner/v-1.jpg]
[jthemes.net/themes/html/genius-course/RTL_Genius/assets/img/sponsor/s-1.jpg]
[jthemes.net/themes/html/genius-course/RTL_Genius/assets/img/sponsor/s-2.jpg]
[jthemes.net/themes/html/genius-course/RTL_Genius/assets/img/sponsor/s-3.jpg]
[jthemes.net/themes/html/genius-course/RTL_Genius/assets/img/sponsor/s-4.jpg]
[jthemes.net/themes/html/genius-course/RTL_Genius/assets/img/sponsor/s-5.jpg]
[jthemes.net/themes/html/genius-course/RTL_Genius/assets/img/sponsor/s-6.jpg]
[jthemes.net/themes/html/genius-course/RTL_Genius/assets/img/course/bc-1.jpg]
[jthemes.net/themes/html/genius-course/RTL_Genius/assets/img/course/bc-2.jpg]
[jthemes.net/themes/html/genius-course/RTL_Genius/assets/img/course/bc-3.jpg]
[jthemes.net/themes/html/genius-course/RTL_Genius/assets/img/course/bc-4.jpg]
[jthemes.net/themes/html/genius-course/RTL_Genius/assets/img/course/bc-5.jpg]
[jthemes.net/themes/html/genius-course/RTL_Genius/assets/img/course/bc-6.jpg]
[jthemes.net/themes/html/genius-course/RTL_Genius/assets/img/course/bc-7.jpg]
[jthemes.net/themes/html/genius-course/RTL_Genius/assets/img/course/bc-8.jpg]
[jthemes.net/themes/html/genius-course/RTL_Genius/assets/img/teacher/t-1.jpg]
[jthemes.net/themes/html/genius-course/RTL_Genius/assets/img/teacher/t-2.jpg]
[jthemes.net/themes/html/genius-course/RTL_Genius/assets/img/teacher/t-3.jpg]
[jthemes.net/themes/html/genius-course/RTL_Genius/assets/img/teacher/t-4.jpg]
[jthemes.net/themes/html/genius-course/RTL_Genius/assets/img/teacher/t-6.jpg]
[jthemes.net/themes/html/genius-course/RTL_Genius/assets/img/teacher/t-5.jpg]
[jthemes.net/themes/html/genius-course/RTL_Genius/assets/img/teacher/t-7.jpg]
[jthemes.net/themes/html/genius-course/RTL_Genius/assets/img/product/bp-1.png]
[jthemes.net/themes/html/genius-course/RTL_Genius/assets/img/logo/f-logo.png]
[jthemes.net/themes/html/genius-course/RTL_Genius/assets/img/gallery/g-1.jpg]
[jthemes.net/themes/html/genius-course/RTL_Genius/assets/img/gallery/g-2.jpg]
[jthemes.net/themes/html/genius-course/RTL_Genius/assets/img/gallery/g-3.jpg]
[jthemes.net/themes/html/genius-course/RTL_Genius/assets/img/gallery/g-4.jpg]
[jthemes.net/themes/html/genius-course/RTL_Genius/assets/img/gallery/g-5.jpg]
[jthemes.net/themes/html/genius-course/RTL_Genius/assets/img/gallery/g-6.jpg]
[jthemes.net/themes/html/genius-course/RTL_Genius/assets/js/jquery-2.1.4.min.js]
[jthemes.net/themes/html/genius-course/RTL_Genius/assets/js/bootstrap.min.js]
[jthemes.net/themes/html/genius-course/RTL_Genius/assets/js/popper.min.js]
[jthemes.net/themes/html/genius-course/RTL_Genius/assets/js/owl.carousel.min.js]
[jthemes.net/themes/html/genius-course/RTL_Genius/assets/js/jarallax.js]
[jthemes.net/themes/html/genius-course/RTL_Genius/assets/js/jquery.magnific-popup.min.js]
[jthemes.net/themes/html/genius-course/RTL_Genius/assets/js/lightbox.js]
[jthemes.net/themes/html/genius-course/RTL_Genius/assets/js/jquery.meanmenu.js]
[jthemes.net/themes/html/genius-course/RTL_Genius/assets/js/scrollreveal.min.js]
[jthemes.net/themes/html/genius-course/RTL_Genius/assets/js/jquery.counterup.min.js]
[jthemes.net/themes/html/genius-course/RTL_Genius/assets/js/waypoints.min.js]
[jthemes.net/themes/html/genius-course/RTL_Genius/assets/js/gmap3.min.js]
[jthemes.net/themes/html/genius-course/RTL_Genius/assets/js/jquery-ui.js]
[jthemes.net/themes/html/genius-course/RTL_Genius/index.html]
[jthemes.net/themes/html/genius-course/RTL_Genius/assets/js/script.js]
[jthemes.net/themes/html/genius-course/assets/img/about/ab-2.png]
[jthemes.net/themes/html/genius-course/assets/img/teacher/tb-1.png]
[jthemes.net/themes/html/genius-course/assets/img/teacher/tb-2.png]
[jthemes.net/themes/html/genius-course/assets/img/teacher/tb-3.png]
[jthemes.net/themes/html/genius-course/assets/img/teacher/tb-4.png]
[jthemes.net/themes/html/genius-course/assets/img/banner/bt.png]
[jthemes.net/themes/html/genius-course/index-2.html]
[jthemes.net/themes/html/genius-course/assets/img/banner/wc-2.png]
[jthemes.net/themes/html/genius-course/assets/img/teacher/ts-1.jpg]
[jthemes.net/themes/html/genius-course/assets/img/teacher/ts-2.jpg]
[jthemes.net/themes/html/genius-course/assets/img/teacher/ts-3.jpg]
[jthemes.net/themes/html/genius-course/assets/img/teacher/ts-4.jpg]
[jthemes.net/themes/html/genius-course/assets/img/teacher/ts-5.jpg]
[jthemes.net/themes/html/genius-course/assets/img/teacher/ts-6.jpg]
[jthemes.net/themes/html/genius-course/index-3.html]
[jthemes.net/themes/html/genius-course/assets/img/logo/logo-2.png]
[jthemes.net/themes/html/genius-course/index-4.html]
[jthemes.net/themes/html/genius-course/assets/img/about/abt-2.jpg]
[jthemes.net/themes/html/genius-course/assets/img/about/abt-3.jpg]
[jthemes.net/themes/html/genius-course/assets/img/about/abt-4.jpg]
[jthemes.net/themes/html/genius-course/assets/img/teacher/ct-1.jpg]
[jthemes.net/themes/html/genius-course/assets/img/blog/fb-1.jpg]
[jthemes.net/themes/html/genius-course/about.html]
[jthemes.net/themes/html/genius-course/assets/img/product/bp-5.png]
[jthemes.net/themes/html/genius-course/assets/img/product/bp-6.png]
[jthemes.net/themes/html/genius-course/assets/img/course/cl-1.jpg]
[jthemes.net/themes/html/genius-course/assets/img/course/cl-2.jpg]
[jthemes.net/themes/html/genius-course/assets/img/course/cl-3.jpg]
[jthemes.net/themes/html/genius-course/assets/img/course/cl-4.jpg]
[jthemes.net/themes/html/genius-course/assets/img/course/cl-5.jpg]
[jthemes.net/themes/html/genius-course/assets/img/product/bs-1.png]
[jthemes.net/themes/html/genius-course/shop.html]
[jthemes.net/themes/html/genius-course/contact.html]
[jthemes.net/themes/html/genius-course/assets/img/teacher/mt-1.jpg]
[jthemes.net/themes/html/genius-course/assets/img/teacher/mt-2.jpg]
[jthemes.net/themes/html/genius-course/assets/img/teacher/mt-3.jpg]
[jthemes.net/themes/html/genius-course/assets/img/teacher/mt-4.jpg]
[jthemes.net/themes/html/genius-course/assets/img/teacher/mt-5.jpg]
[jthemes.net/themes/html/genius-course/assets/img/teacher/mt-6.jpg]
[jthemes.net/themes/html/genius-course/teacher.html]
[jthemes.net/themes/html/genius-course/assets/img/teacher/td-1.jpg]
[jthemes.net/themes/html/genius-course/teacher-details.html]
[jthemes.net/themes/html/genius-course/assets/img/blog/bp-1.jpg]
[jthemes.net/themes/html/genius-course/assets/img/blog/bp-2.jpg]
[jthemes.net/themes/html/genius-course/assets/img/blog/bp-3.jpg]
[jthemes.net/themes/html/genius-course/assets/img/blog/bp-4.jpg]
[jthemes.net/themes/html/genius-course/assets/img/blog/bp-5.jpg]
[jthemes.net/themes/html/genius-course/blog.html]
[jthemes.net/themes/html/genius-course/assets/img/blog/bd-1.jpg]
[jthemes.net/themes/html/genius-course/assets/img/blog/ath.jpg]
[jthemes.net/themes/html/genius-course/assets/img/blog/ath-2.jpg]
[jthemes.net/themes/html/genius-course/blog-single.html]
[jthemes.net/themes/html/genius-course/course.html]
[jthemes.net/themes/html/genius-course/assets/img/course/cs-1.jpg]
[jthemes.net/themes/html/genius-course/course-details.html]
[jthemes.net/themes/html/genius-course/faq.html]
[jthemes.net/themes/html/genius-course/assets/img/banner/p-1.jpg]
[jthemes.net/themes/html/genius-course/assets/img/banner/p-2.jpg]
[jthemes.net/themes/html/genius-course/check-out.html]
[jthemes.net/themes/html/genius-course/assets/css/owl.video.play.html]
[jthemes.net/themes/html/genius-course/assets/fonts/fa-brands-400.html]
[jthemes.net/themes/html/genius-course/assets/fonts/fa-brands-400.svg]
[jthemes.net/themes/html/genius-course/assets/fonts/fa-regular-400.html]
[jthemes.net/themes/html/genius-course/assets/fonts/fa-regular-400.svg]
[jthemes.net/themes/html/genius-course/assets/fonts/fa-solid-900.html]
[jthemes.net/themes/html/genius-course/assets/fonts/fa-solid-900.svg]
[jthemes.net/themes/html/genius-course/assets/fonts/Flaticon.html]
[jthemes.net/themes/html/genius-course/assets/fonts/Flaticond41d.html]
[jthemes.net/themes/html/genius-course/assets/fonts/Flaticon.svg]
[jthemes.net/themes/html/genius-course/assets/css/images/ui-icons_444444_256x240.html]
[jthemes.net/themes/html/genius-course/assets/css/images/ui-icons_555555_256x240.html]
[jthemes.net/themes/html/genius-course/assets/css/images/ui-icons_ffffff_256x240.html]
[jthemes.net/themes/html/genius-course/assets/css/images/ui-icons_777620_256x240.html]
[jthemes.net/themes/html/genius-course/assets/css/images/ui-icons_cc0000_256x240.html]
[jthemes.net/themes/html/genius-course/assets/css/images/ui-icons_777777_256x240.html]
[jthemes.net/themes/html/genius-course/RTL_Genius/assets/css/owl.carousel.css]
[jthemes.net/themes/html/genius-course/RTL_Genius/assets/fonts/fa-brands-400.eot]
[jthemes.net/themes/html/genius-course/RTL_Genius/assets/fonts/fa-brands-400d41d.eot]
[jthemes.net/themes/html/genius-course/RTL_Genius/assets/fonts/fa-brands-400.woff]
[jthemes.net/themes/html/genius-course/RTL_Genius/assets/fonts/fa-brands-400.ttf]
[jthemes.net/themes/html/genius-course/RTL_Genius/assets/fonts/fa-regular-400.eot]
[jthemes.net/themes/html/genius-course/RTL_Genius/assets/fonts/fa-regular-400d41d.eot]
[jthemes.net/themes/html/genius-course/RTL_Genius/assets/fonts/fa-regular-400.woff]
[jthemes.net/themes/html/genius-course/RTL_Genius/assets/fonts/fa-regular-400.ttf]
[jthemes.net/themes/html/genius-course/RTL_Genius/assets/fonts/fa-solid-900.eot]
[jthemes.net/themes/html/genius-course/RTL_Genius/assets/fonts/fa-solid-900d41d.eot]
[jthemes.net/themes/html/genius-course/RTL_Genius/assets/fonts/fa-solid-900.woff]
[jthemes.net/themes/html/genius-course/RTL_Genius/assets/fonts/fa-solid-900.ttf]
[jthemes.net/themes/html/genius-course/RTL_Genius/assets/css/fontawesome-all.css]
[jthemes.net/themes/html/genius-course/RTL_Genius/assets/fonts/Flaticon.woff]
[jthemes.net/themes/html/genius-course/RTL_Genius/assets/fonts/Flaticon.ttf]
[jthemes.net/themes/html/genius-course/RTL_Genius/assets/css/flaticon.css]
[jthemes.net/themes/html/genius-course/RTL_Genius/assets/css/meanmenu.css]
[jthemes.net/themes/html/genius-course/RTL_Genius/assets/css/bootstrap.min.css]
[jthemes.net/themes/html/genius-course/RTL_Genius/assets/css/video.min.css]
[jthemes.net/themes/html/genius-course/RTL_Genius/assets/img/close.png]
[jthemes.net/themes/html/genius-course/RTL_Genius/assets/img/loading.gif]
[jthemes.net/themes/html/genius-course/RTL_Genius/assets/img/prev.png]
[jthemes.net/themes/html/genius-course/RTL_Genius/assets/img/next.png]
[jthemes.net/themes/html/genius-course/RTL_Genius/assets/css/lightbox.css]
[jthemes.net/themes/html/genius-course/RTL_Genius/assets/rev-slider/css/settings.html]
[jthemes.net/themes/html/genius-course/RTL_Genius/assets/rev-slider/css/layers.html]
[jthemes.net/themes/html/genius-course/RTL_Genius/assets/rev-slider/css/navigation.html]
[jthemes.net/themes/html/genius-course/RTL_Genius/assets/css/progess.css]
[jthemes.net/themes/html/genius-course/RTL_Genius/assets/css/animate.min.css]
[jthemes.net/themes/html/genius-course/RTL_Genius/assets/img/preloader.gif]
[jthemes.net/themes/html/genius-course/RTL_Genius/assets/img/banner/brt-1.jpg]
[jthemes.net/themes/html/genius-course/RTL_Genius/assets/img/banner/pb.jpg]
[jthemes.net/themes/html/genius-course/RTL_Genius/assets/img/banner/s-1.jpg]
[jthemes.net/themes/html/genius-course/RTL_Genius/assets/img/banner/hb-2.jpg]
[jthemes.net/themes/html/genius-course/RTL_Genius/assets/img/about/abt.jpg]
[jthemes.net/themes/html/genius-course/RTL_Genius/assets/img/banner/tesit-b-1.jpg]
[jthemes.net/themes/html/genius-course/RTL_Genius/assets/img/banner/teacher-b.jpg]
[jthemes.net/themes/html/genius-course/RTL_Genius/assets/img/banner/fq-1.jpg]
[jthemes.net/themes/html/genius-course/RTL_Genius/assets/img/banner/wc-1.jpg]
[jthemes.net/themes/html/genius-course/RTL_Genius/assets/img/banner/contact-b.jpg]
[jthemes.net/themes/html/genius-course/RTL_Genius/assets/img/banner/cf-1.png]
[jthemes.net/themes/html/genius-course/RTL_Genius/assets/css/style.css]
[jthemes.net/themes/html/genius-course/RTL_Genius/assets/css/responsive.css]
[jthemes.net/themes/html/genius-course/RTL_Genius/index-1.html]
[jthemes.net/themes/html/genius-course/RTL_Genius/assets/img/about/ab-2.png]
[jthemes.net/themes/html/genius-course/RTL_Genius/assets/img/teacher/tb-1.png]
[jthemes.net/themes/html/genius-course/RTL_Genius/assets/img/teacher/tb-2.png]
[jthemes.net/themes/html/genius-course/RTL_Genius/assets/img/teacher/tb-3.png]
[jthemes.net/themes/html/genius-course/RTL_Genius/assets/img/teacher/tb-4.png]
[jthemes.net/themes/html/genius-course/RTL_Genius/assets/img/banner/bt.png]
[jthemes.net/themes/html/genius-course/RTL_Genius/index-2.html]
[jthemes.net/themes/html/genius-course/RTL_Genius/assets/img/banner/wc-2.png]
[jthemes.net/themes/html/genius-course/RTL_Genius/assets/img/teacher/ts-1.jpg]
[jthemes.net/themes/html/genius-course/RTL_Genius/index-3.html]
[jthemes.net/themes/html/genius-course/RTL_Genius/assets/img/logo/logo-2.png]
[jthemes.net/themes/html/genius-course/RTL_Genius/index-4.html]
[jthemes.net/themes/html/genius-course/RTL_Genius/assets/img/about/abt-2.jpg]
[jthemes.net/themes/html/genius-course/RTL_Genius/assets/img/about/abt-3.jpg]
[jthemes.net/themes/html/genius-course/RTL_Genius/assets/img/about/abt-4.jpg]
[jthemes.net/themes/html/genius-course/RTL_Genius/assets/img/teacher/ct-1.jpg]
[jthemes.net/themes/html/genius-course/RTL_Genius/assets/img/blog/fb-1.jpg]
[jthemes.net/themes/html/genius-course/RTL_Genius/about.html]
[jthemes.net/themes/html/genius-course/RTL_Genius/assets/img/blog/bp-1.jpg]
[jthemes.net/themes/html/genius-course/RTL_Genius/assets/img/blog/bp-2.jpg]
[jthemes.net/themes/html/genius-course/RTL_Genius/assets/img/blog/bp-3.jpg]
[jthemes.net/themes/html/genius-course/RTL_Genius/assets/img/blog/bp-4.jpg]
[jthemes.net/themes/html/genius-course/RTL_Genius/assets/img/blog/bp-5.jpg]
[jthemes.net/themes/html/genius-course/RTL_Genius/blog.html]
[jthemes.net/themes/html/genius-course/RTL_Genius/assets/img/blog/bd-1.jpg]
[jthemes.net/themes/html/genius-course/RTL_Genius/assets/img/blog/ath.jpg]
[jthemes.net/themes/html/genius-course/RTL_Genius/assets/img/blog/ath-2.jpg]
[jthemes.net/themes/html/genius-course/RTL_Genius/blog-single.html]
[jthemes.net/themes/html/genius-course/RTL_Genius/assets/img/course/cl-1.jpg]
[jthemes.net/themes/html/genius-course/RTL_Genius/assets/img/course/cl-2.jpg]
[jthemes.net/themes/html/genius-course/RTL_Genius/assets/img/course/cl-3.jpg]
[jthemes.net/themes/html/genius-course/RTL_Genius/assets/img/course/cl-4.jpg]
[jthemes.net/themes/html/genius-course/RTL_Genius/assets/img/course/cl-5.jpg]
[jthemes.net/themes/html/genius-course/RTL_Genius/assets/img/product/bs-1.png]
[jthemes.net/themes/html/genius-course/RTL_Genius/shop.html]
[jthemes.net/themes/html/genius-course/RTL_Genius/shop-single.html]
[jthemes.net/themes/html/genius-course/RTL_Genius/contact.html]
[jthemes.net/themes/html/genius-course/RTL_Genius/assets/rev-slider/js/jquery.themepunch.tools.min.html]
[jthemes.net/themes/html/genius-course/RTL_Genius/assets/rev-slider/js/jquery.themepunch.revolution.min.html]
[jthemes.net/themes/html/genius-course/RTL_Genius/assets/rev-slider/js/revolution.extension.actions.min.html]
[jthemes.net/themes/html/genius-course/RTL_Genius/assets/rev-slider/js/revolution.extension.layeranimation.min.html]
[jthemes.net/themes/html/genius-course/RTL_Genius/assets/rev-slider/js/revolution.extension.navigation.min.html]
[jthemes.net/themes/html/genius-course/RTL_Genius/assets/rev-slider/js/revolution.extension.parallax.min.html]
[jthemes.net/themes/html/genius-course/RTL_Genius/assets/rev-slider/js/revolution.extension.slideanims.min.html]
[jthemes.net/themes/html/genius-course/RTL_Genius/assets/rev-slider/js/revolution.extension.video.min.html]
[jthemes.net/themes/html/genius-course/service.html]
[jthemes.net/themes/html/genius-course/service-details.html]
[jthemes.net/themes/html/genius-course/team.html]
[jthemes.net/themes/html/genius-course/team-details.html]
[jthemes.net/themes/html/genius-course/checkout.html]
[jthemes.net/themes/html/genius-course/product-details.html]
[jthemes.net/themes/html/genius-course/blog-details.html]
[jthemes.net/themes/html/genius-course/contactv2.html]
[jthemes.net/themes/html/genius-course/error.html]
[jthemes.net/themes/html/genius-course/errorv2.html]
[jthemes.net/themes/html/genius-course/work-process.html]
[jthemes.net/themes/html/genius-course/register.html]
[jthemes.net/themes/html/genius-course/RTL_Genius/assets/css/owl.video.play.html]
[jthemes.net/themes/html/genius-course/RTL_Genius/assets/fonts/fa-brands-400.html]
[jthemes.net/themes/html/genius-course/RTL_Genius/assets/fonts/fa-brands-400.svg]
[jthemes.net/themes/html/genius-course/RTL_Genius/assets/fonts/fa-regular-400.html]
[jthemes.net/themes/html/genius-course/RTL_Genius/assets/fonts/fa-regular-400.svg]
[jthemes.net/themes/html/genius-course/RTL_Genius/assets/fonts/fa-solid-900.html]
[jthemes.net/themes/html/genius-course/RTL_Genius/assets/fonts/fa-solid-900.svg]
[jthemes.net/themes/html/genius-course/RTL_Genius/assets/fonts/Flaticon.html]
[jthemes.net/themes/html/genius-course/RTL_Genius/assets/fonts/Flaticond41d.html]
[jthemes.net/themes/html/genius-course/RTL_Genius/assets/fonts/Flaticon.svg]
[jthemes.net/themes/html/genius-course/RTL_Genius/assets/css/images/ui-icons_444444_256x240.html]
[jthemes.net/themes/html/genius-course/RTL_Genius/assets/css/images/ui-icons_555555_256x240.html]
[jthemes.net/themes/html/genius-course/RTL_Genius/assets/css/images/ui-icons_ffffff_256x240.html]
[jthemes.net/themes/html/genius-course/RTL_Genius/assets/css/images/ui-icons_777620_256x240.html]
[jthemes.net/themes/html/genius-course/RTL_Genius/assets/css/images/ui-icons_cc0000_256x240.html]
[jthemes.net/themes/html/genius-course/RTL_Genius/assets/css/images/ui-icons_777777_256x240.html]
[jthemes.net/themes/html/genius-course/RTL_Genius/service.html]
[jthemes.net/themes/html/genius-course/RTL_Genius/service-details.html]
[jthemes.net/themes/html/genius-course/RTL_Genius/team.html]
[jthemes.net/themes/html/genius-course/RTL_Genius/team-details.html]
[jthemes.net/themes/html/genius-course/RTL_Genius/checkout.html]
[jthemes.net/themes/html/genius-course/RTL_Genius/product-details.html]
[jthemes.net/themes/html/genius-course/RTL_Genius/blog-details.html]
[jthemes.net/themes/html/genius-course/RTL_Genius/contactv2.html]
[jthemes.net/themes/html/genius-course/RTL_Genius/error.html]
[jthemes.net/themes/html/genius-course/RTL_Genius/errorv2.html]
[jthemes.net/themes/html/genius-course/RTL_Genius/work-process.html]
[jthemes.net/themes/html/genius-course/RTL_Genius/register.html]
